// Jest Snapshot v1, https://goo.gl/fbAQLP

exports[`<SideDrawer> renders the same output 1`] = `
<React.Fragment>
  <Backdrop />
  <div
    className="SideDrawer Close"
  >
    <div
      className="Logo"
    >
      <Logo />
    </div>
    <nav>
      <NavigationItems />
    </nav>
  </div>
</React.Fragment>
`;
